exports[`test Check <Header /> is getting rendered properly without errors! 1`] = `
<div
  className="header">
  <div
    className="home-menu pure-menu pure-menu-horizontal pure-menu-fixed">
    <a
      className="pure-menu-heading"
      href="#">
      test
    </a>
  </div>
</div>
`;
